<?xml version="1.0" encoding="UTF-8"?>
<TestRun id="ddfd550a-088c-4afa-8537-25d32e200992" name="Junior@NOTEBOOK 2012-01-13 22:46:27" runUser="Notebook\Junior" xmlns="http://microsoft.com/schemas/VisualStudio/TeamTest/2010">
  <TestSettings name="Local" id="903c2975-19eb-4005-b9bb-37cf8b14a64f">
    <Description>These are default test settings for a local test run.</Description>
    <Deployment enabled="false" runDeploymentRoot="Junior_NOTEBOOK 2012-01-13 22_46_27">
      <DeploymentItem filename="E:\Junior\IVIA\Dojo\TestabilityEF4\IVIA.Comum\bin\Debug\RedeInova.Comum.dll" />
      <DeploymentItem filename="E:\Junior\IVIA\Dojo\TestabilityEF4\Dominio\bin\Debug\Dominio.dll" />
      <DeploymentItem filename="E:\Junior\IVIA\Dojo\TestabilityEF4\packages\EntityFramework.4.2.0.0\lib\net40\EntityFramework.dll" />
    </Deployment>
    <Execution>
      <TestTypeSpecific />
      <AgentRule name="Execution Agents">
      </AgentRule>
    </Execution>
  </TestSettings>
  <Times creation="2012-01-13T22:46:27.9970523-02:00" queuing="2012-01-13T22:46:28.5350830-02:00" start="2012-01-13T22:46:28.6200879-02:00" finish="2012-01-13T22:46:29.3901319-02:00" />
  <ResultSummary outcome="Completed">
    <Counters total="3" executed="3" passed="3" error="0" failed="0" timeout="0" aborted="0" inconclusive="0" passedButRunAborted="0" notRunnable="0" notExecuted="0" disconnected="0" warning="0" completed="0" inProgress="0" pending="0" />
  </ResultSummary>
  <TestDefinitions>
    <UnitTest name="Seu_Email_Deve_Ser_Unico" storage="e:\junior\ivia\dojo\testabilityef4\dominio.tests\bin\debug\dominio.tests.dll" id="13aed554-06ec-83fb-856d-36601abacd57">
      <Execution id="64ba8447-cbe1-44ff-a1cc-8a3de63c5e38" />
      <TestMethod codeBase="E:/Junior/IVIA/Dojo/TestabilityEF4/Dominio.Tests/bin/Debug/Dominio.Tests.DLL" adapterTypeName="Microsoft.VisualStudio.TestTools.TestTypes.Unit.UnitTestAdapter, Microsoft.VisualStudio.QualityTools.Tips.UnitTest.Adapter, Version=10.0.0.0, Culture=neutral, PublicKeyToken=b03f5f7f11d50a3a" className="Dominio.Tests.Ao_Criar_Um_Usuario, Dominio.Tests, Version=1.0.0.0, Culture=neutral, PublicKeyToken=null" name="Seu_Email_Deve_Ser_Unico" />
    </UnitTest>
    <UnitTest name="Nome_Senha_Email_Sao_Obrigatorios" storage="e:\junior\ivia\dojo\testabilityef4\dominio.tests\bin\debug\dominio.tests.dll" id="fa401ce8-e7a3-23f6-bacd-fe17daa6c174">
      <Execution id="9d7c1fc1-664f-4e64-b5e6-cdf337142388" />
      <TestMethod codeBase="E:/Junior/IVIA/Dojo/TestabilityEF4/Dominio.Tests/bin/Debug/Dominio.Tests.DLL" adapterTypeName="Microsoft.VisualStudio.TestTools.TestTypes.Unit.UnitTestAdapter, Microsoft.VisualStudio.QualityTools.Tips.UnitTest.Adapter, Version=10.0.0.0, Culture=neutral, PublicKeyToken=b03f5f7f11d50a3a" className="Dominio.Tests.Ao_Criar_Um_Usuario, Dominio.Tests, Version=1.0.0.0, Culture=neutral, PublicKeyToken=null" name="Nome_Senha_Email_Sao_Obrigatorios" />
    </UnitTest>
    <UnitTest name="Seu_Email_Deve_Estar_Em_Formato_Valido" storage="e:\junior\ivia\dojo\testabilityef4\dominio.tests\bin\debug\dominio.tests.dll" id="b132a76c-ea09-055d-9f92-c68a3d36e13b">
      <Execution id="9602abb7-2ae6-4a18-99c5-c736513b2a62" />
      <TestMethod codeBase="E:/Junior/IVIA/Dojo/TestabilityEF4/Dominio.Tests/bin/Debug/Dominio.Tests.DLL" adapterTypeName="Microsoft.VisualStudio.TestTools.TestTypes.Unit.UnitTestAdapter, Microsoft.VisualStudio.QualityTools.Tips.UnitTest.Adapter, Version=10.0.0.0, Culture=neutral, PublicKeyToken=b03f5f7f11d50a3a" className="Dominio.Tests.Ao_Criar_Um_Usuario, Dominio.Tests, Version=1.0.0.0, Culture=neutral, PublicKeyToken=null" name="Seu_Email_Deve_Estar_Em_Formato_Valido" />
    </UnitTest>
  </TestDefinitions>
  <TestLists>
    <TestList name="Results Not in a List" id="8c84fa94-04c1-424b-9868-57a2d4851a1d" />
    <TestList name="All Loaded Results" id="19431567-8539-422a-85d7-44ee4e166bda" />
  </TestLists>
  <TestEntries>
    <TestEntry testId="13aed554-06ec-83fb-856d-36601abacd57" executionId="64ba8447-cbe1-44ff-a1cc-8a3de63c5e38" testListId="8c84fa94-04c1-424b-9868-57a2d4851a1d" />
    <TestEntry testId="b132a76c-ea09-055d-9f92-c68a3d36e13b" executionId="9602abb7-2ae6-4a18-99c5-c736513b2a62" testListId="8c84fa94-04c1-424b-9868-57a2d4851a1d" />
    <TestEntry testId="fa401ce8-e7a3-23f6-bacd-fe17daa6c174" executionId="9d7c1fc1-664f-4e64-b5e6-cdf337142388" testListId="8c84fa94-04c1-424b-9868-57a2d4851a1d" />
  </TestEntries>
  <Results>
    <UnitTestResult executionId="64ba8447-cbe1-44ff-a1cc-8a3de63c5e38" testId="13aed554-06ec-83fb-856d-36601abacd57" testName="Seu_Email_Deve_Ser_Unico" computerName="NOTEBOOK" duration="00:00:00.0538721" startTime="2012-01-13T22:46:28.6510897-02:00" endTime="2012-01-13T22:46:29.3051271-02:00" testType="13cdc9d9-ddb5-4fa4-a97d-d965ccfc6d4b" outcome="Passed" testListId="8c84fa94-04c1-424b-9868-57a2d4851a1d" relativeResultsDirectory="64ba8447-cbe1-44ff-a1cc-8a3de63c5e38">
    </UnitTestResult>
    <UnitTestResult executionId="9602abb7-2ae6-4a18-99c5-c736513b2a62" testId="b132a76c-ea09-055d-9f92-c68a3d36e13b" testName="Seu_Email_Deve_Estar_Em_Formato_Valido" computerName="NOTEBOOK" duration="00:00:00.0025195" startTime="2012-01-13T22:46:29.3141276-02:00" endTime="2012-01-13T22:46:29.3231281-02:00" testType="13cdc9d9-ddb5-4fa4-a97d-d965ccfc6d4b" outcome="Passed" testListId="8c84fa94-04c1-424b-9868-57a2d4851a1d" relativeResultsDirectory="9602abb7-2ae6-4a18-99c5-c736513b2a62">
    </UnitTestResult>
    <UnitTestResult executionId="9d7c1fc1-664f-4e64-b5e6-cdf337142388" testId="fa401ce8-e7a3-23f6-bacd-fe17daa6c174" testName="Nome_Senha_Email_Sao_Obrigatorios" computerName="NOTEBOOK" duration="00:00:00.0015740" startTime="2012-01-13T22:46:29.3291285-02:00" endTime="2012-01-13T22:46:29.3431293-02:00" testType="13cdc9d9-ddb5-4fa4-a97d-d965ccfc6d4b" outcome="Passed" testListId="8c84fa94-04c1-424b-9868-57a2d4851a1d" relativeResultsDirectory="9d7c1fc1-664f-4e64-b5e6-cdf337142388">
    </UnitTestResult>
  </Results>
</TestRun>